============================= test session starts =============================
platform win32 -- Python 3.13.12, pytest-9.0.2, pluggy-1.6.0 -- c:\Users\Callidus\Documents\Callidus\Anchordata\backend\venv\Scripts\python.exe
cachedir: .pytest_cache
rootdir: C:\Users\Callidus\Documents\Callidus\Anchordata\backend
plugins: anyio-4.12.1, langsmith-0.7.1
collecting ... collected 1 item

tests/test_machine_details.py::test_get_machine_details_and_file FAILED  [100%]

================================== FAILURES ===================================
______________________ test_get_machine_details_and_file ______________________

client = <FlaskClient <Flask 'src.app'>>, app = <Flask 'src.app'>

    def test_get_machine_details_and_file(client, app):
        # Setup: Create Admin User and Login
        with app.app_context():
            admin = User(email="admin_details@test.com", name="Admin", role=UserRole.ADMIN.value)
            admin.set_password("admin123")
            db.session.add(admin)
            db.session.commit()
    
        login_resp = client.post("/api/auth/login", json={"email": "admin_details@test.com", "password": "admin123"})
        token = login_resp.json["token"]
    
        # Setup: Create Machine with Image
        data = {
            "nome_maquina": "Detalhes Mßquina",
            "num_serie": "SN-DET-001",
            "data_fabricacao": "2023-05-20",
            "marca": "BrandX",
            "fabricante": "FabY",
            "setor": "SetorZ",
            "contato_fabricante": "Contato",
            "description": "Desc"
        }
        multipart_data = {k: v for k, v in data.items()}
        multipart_data["imagem"] = (io.BytesIO(b"fake image data"), "image_det.png")
    
        create_resp = client.post(
            "/api/machines",
            data=multipart_data,
            headers={"Authorization": f"Bearer {token}"},
            content_type="multipart/form-data"
        )
>       assert create_resp.status_code == 201
E       assert 404 == 201
E        +  where 404 = <WrapperTestResponse streamed [404 NOT FOUND]>.status_code

tests\test_machine_details.py:37: AssertionError
============================== warnings summary ===============================
<frozen importlib._bootstrap>:488
  <frozen importlib._bootstrap>:488: DeprecationWarning: builtin type SwigPyPacked has no __module__ attribute

<frozen importlib._bootstrap>:488
  <frozen importlib._bootstrap>:488: DeprecationWarning: builtin type SwigPyObject has no __module__ attribute

<frozen importlib._bootstrap>:488
  <frozen importlib._bootstrap>:488: DeprecationWarning: builtin type swigvarlink has no __module__ attribute

tests/test_machine_details.py::test_get_machine_details_and_file
  C:\Users\Callidus\Documents\Callidus\Anchordata\backend\src\services\auth_service.py:32: DeprecationWarning: datetime.datetime.utcnow() is deprecated and scheduled for removal in a future version. Use timezone-aware objects to represent datetimes in UTC: datetime.datetime.now(datetime.UTC).
    'exp': datetime.utcnow() + timedelta(hours=JWT_EXPIRATION_HOURS),

tests/test_machine_details.py::test_get_machine_details_and_file
  C:\Users\Callidus\Documents\Callidus\Anchordata\backend\src\services\auth_service.py:33: DeprecationWarning: datetime.datetime.utcnow() is deprecated and scheduled for removal in a future version. Use timezone-aware objects to represent datetimes in UTC: datetime.datetime.now(datetime.UTC).
    'iat': datetime.utcnow()

-- Docs: https://docs.pytest.org/en/stable/how-to/capture-warnings.html
=========================== short test summary info ===========================
FAILED tests/test_machine_details.py::test_get_machine_details_and_file - assert 404 == 201
 +  where 404 = <WrapperTestResponse streamed [404 NOT FOUND]>.status_code
======================== 1 failed, 5 warnings in 0.36s ========================
